Microchip MPLAB XC8 Compiler V1.45 ()

Linker command line:

-W-3 --edf=C:\Program Files (x86)\Microchip\xc8\v1.45\dat\en_msgs.txt -cs \
  -h+dist/default/production\I2C_TEST.X.production.sym \
  --cmf=dist/default/production\I2C_TEST.X.production.cmf -z -Q16F877A \
  -oC:\Users\AJAY\AppData\Local\Temp\scg.2 \
  -Mdist/default/production/I2C_TEST.X.production.map -E1 -ver=XC8 \
  -ASTACK=0110h-016fh -pstack=STACK -ACODE=00h-07FFhx4 -ASTRCODE=00h-01FFFh \
  -ASTRING=00h-0FFhx32 -ACONST=00h-0FFhx32 -AENTRY=00h-0FFhx32 \
  -ACOMMON=070h-07Fh -ABANK0=020h-06Fh -ABANK1=0A0h-0EFh \
  -ABANK2=0110h-016Fh -ABANK3=0190h-01EFh \
  -ARAM=020h-06Fh,0A0h-0EFh,0110h-016Fh,0190h-01EFh \
  -AABS1=020h-07Fh,0A0h-0EFh,0110h-016Fh,0190h-01EFh -ASFR0=00h-01Fh \
  -ASFR1=080h-09Fh -ASFR2=0100h-010Fh -ASFR3=0180h-018Fh \
  -preset_vec=00h,intentry,init,end_init -ppowerup=CODE -pcinit=CODE \
  -pfunctab=ENTRY -ACONFIG=02007h-02007h -pconfig=CONFIG -DCONFIG=2 \
  -AIDLOC=02000h-02003h -pidloc=IDLOC -DIDLOC=2 -AEEDATA=00h-0FFh/02100h \
  -peeprom_data=EEDATA -DEEDATA=2 -DCODE=2 -DSTRCODE=2 -DSTRING=2 -DCONST=2 \
  -DENTRY=2 -k C:\Users\AJAY\AppData\Local\Temp\scg.obj \
  dist/default/production\I2C_TEST.X.production.obj 

Object code version is 3.11

Machine type is 16F877A



                Name                               Link     Load   Length Selector   Space Scale
C:\Users\AJAY\AppData\Local\Temp\scg.obj
                end_init                              0        0        3        0       0
dist/default/production\I2C_TEST.X.production.obj
                cinit                               7F8      7F8        8      FF0       0
                text12                              79A      79A       5E      F34       0
                text11                              6C9      6C9       28      D92       0
                text10                              69B      69B       11      D36       0
                text9                               6AC      6AC       1D      D58       0
                text8                               68C      68C        F      D18       0
                text7                               65F      65F        8      CBE       0
                text6                               667      667        8      CCE       0
                text5                               66F      66F        9      CDE       0
                text4                               6F1      6F1       31      DE2       0
                text3                               678      678        A      CF0       0
                text2                               75A      75A       40      EB4       0
                text1                               682      682        A      D04       0
                maintext                            722      722       38      E44       0
                cstackBANK0                          20       20       36       20       1
                cstackCOMMON                         70       70        E       70       1
                bssBANK0                             56       56        2       20       1

TOTAL           Name                               Link     Load   Length     Space
        CLASS   STACK          

        CLASS   CODE           
                end_init                              0        0        3         0
                cinit                               7F8      7F8        8         0
                text12                              79A      79A       5E         0
                text11                              6C9      6C9       28         0
                text10                              69B      69B       11         0
                text9                               6AC      6AC       1D         0
                text8                               68C      68C        F         0
                text7                               65F      65F        8         0
                text6                               667      667        8         0
                text5                               66F      66F        9         0
                text4                               6F1      6F1       31         0
                text3                               678      678        A         0
                text2                               75A      75A       40         0
                text1                               682      682        A         0
                maintext                            722      722       38         0

        CLASS   STRCODE        

        CLASS   STRING         

        CLASS   CONST          

        CLASS   ENTRY          

        CLASS   COMMON         
                cstackCOMMON                         70       70        E         1

        CLASS   BANK0          
                cstackBANK0                          20       20       36         1
                bssBANK0                             56       56        2         1

        CLASS   BANK1          

        CLASS   BANK2          

        CLASS   BANK3          

        CLASS   RAM            

        CLASS   ABS1           
                abs_s1                               7E       7E        2         1

        CLASS   SFR0           

        CLASS   SFR1           

        CLASS   SFR2           

        CLASS   SFR3           

        CLASS   CONFIG         

        CLASS   IDLOC          

        CLASS   EEDATA         



SEGMENTS        Name                           Load    Length   Top    Selector   Space  Class     Delta

                reset_vec                      000000  000003  000003         0       0  CODE        2
                cstackBANK0                    000020  000038  000058        20       1  BANK0       1
                cstackCOMMON                   000070  00000E  00007E        70       1  COMMON      1
                text7                          00065F  000008  000667       CBE       0  CODE        2
                text6                          000667  000008  00066F       CCE       0  CODE        2
                text5                          00066F  000009  000678       CDE       0  CODE        2
                text3                          000678  00000A  000682       CF0       0  CODE        2
                text1                          000682  00000A  00068C       D04       0  CODE        2
                text8                          00068C  00000F  00069B       D18       0  CODE        2
                text10                         00069B  000011  0006AC       D36       0  CODE        2
                text9                          0006AC  00001D  0006C9       D58       0  CODE        2
                text11                         0006C9  000028  0006F1       D92       0  CODE        2
                text4                          0006F1  000031  000722       DE2       0  CODE        2
                maintext                       000722  000038  00075A       E44       0  CODE        2
                text2                          00075A  000040  00079A       EB4       0  CODE        2
                text12                         00079A  00005E  0007F8       F34       0  CODE        2
                cinit                          0007F8  000008  000800       FF0       0  CODE        2


UNUSED ADDRESS RANGES

        Name                Unused          Largest block    Delta
        BANK0            0058-006F             18           1
        BANK1            00A0-00EF             50           1
        BANK2            0110-016F             60           1
        BANK3            0190-01EF             60           1
        CODE             0003-065E            65C           2
                         0800-1FFF            800
        CONFIG           2007-2007              1           2
        CONST            0003-065E            100           2
                         0800-1FFF            100
        EEDATA           2100-21FF            100           2
        ENTRY            0003-065E            100           2
                         0800-1FFF            100
        IDLOC            2000-2003              4           2
        RAM              0058-006F             18           1
                         00A0-00EF             50
                         0110-016F             60
                         0190-01EF             60
        SFR0             0000-001F             20           1
        SFR1             0080-009F             20           1
        SFR2             0100-010F             10           1
        SFR3             0180-018F             10           1
        STACK            0110-016F             60           1
        STRCODE          0003-065E            65C           2
                         0800-1FFF           1800
        STRING           0003-065E            100           2
                         0800-1FFF            100

                                  Symbol Table

?___lldiv                    cstackCOMMON 0070
I2C_Master_Init@c            cstackBANK0  0020
I2C_Master_Write@letter_byte cstackCOMMON 0070
I2C_str@strings              cstackCOMMON 0074
_BF                          (abs)        04A0
_CKP                         (abs)        00A4
_D_nA                        (abs)        04A5
_I2C_Master_Init             text11       06C9
_I2C_Master_Start            text7        065F
_I2C_Master_Stop             text6        0667
_I2C_Master_Write            text5        066F
_I2C_slave_init              text10       069B
_I2C_slave_recieve           text9        06AC
_I2C_str                     text4        06F1
_PEN                         (abs)        048A
_RB0                         (abs)        0030
_RCIF                        (abs)        0065
_RCREG                       (abs)        001A
_RCSTA                       (abs)        0018
_SEN                         (abs)        0488
_SMP                         (abs)        04A7
_SPBRG                       (abs)        0099
_SSPADD                      (abs)        0093
_SSPBUF                      (abs)        0013
_SSPCON2                     (abs)        0091
_SSPEN                       (abs)        00A5
_SSPIF                       (abs)        0063
_SSPM0                       (abs)        00A0
_SSPM1                       (abs)        00A1
_SSPM2                       (abs)        00A2
_SSPM3                       (abs)        00A3
_TRISB0                      (abs)        0430
_TRISC3                      (abs)        043B
_TRISC4                      (abs)        043C
_TRISC6                      (abs)        043E
_TRISC7                      (abs)        043F
_TRMT                        (abs)        04C1
_TXREG                       (abs)        0019
_TXSTA                       (abs)        0098
__Habs1                      abs1         0000
__Hbank0                     bank0        0000
__Hbank1                     bank1        0000
__Hbank2                     bank2        0000
__Hbank3                     bank3        0000
__HbssBANK0                  bssBANK0     0000
__Hcinit                     cinit        0800
__Hclrtext                   clrtext      0000
__Hcode                      code         0000
__Hcommon                    common       0000
__Hconfig                    config       0000
__HcstackBANK0               cstackBANK0  0000
__HcstackCOMMON              cstackCOMMON 0000
__Heeprom_data               eeprom_data  0000
__Hend_init                  end_init     0003
__Hfunctab                   functab      0000
__Hidloc                     idloc        0000
__Hinit                      init         0000
__Hintentry                  intentry     0000
__Hmaintext                  maintext     0000
__Hpowerup                   powerup      0000
__Hram                       ram          0000
__Hreset_vec                 reset_vec    0000
__Hsfr0                      sfr0         0000
__Hsfr1                      sfr1         0000
__Hsfr2                      sfr2         0000
__Hsfr3                      sfr3         0000
__Hspace_0                   (abs)        0800
__Hspace_1                   (abs)        007E
__Hspace_2                   (abs)        0000
__Hspace_3                   (abs)        0000
__Hstack                     stack        0000
__Hstrings                   strings      0000
__Htext                      text         0000
__Labs1                      abs1         0000
__Lbank0                     bank0        0000
__Lbank1                     bank1        0000
__Lbank2                     bank2        0000
__Lbank3                     bank3        0000
__LbssBANK0                  bssBANK0     0000
__Lcinit                     cinit        07F8
__Lclrtext                   clrtext      0000
__Lcode                      code         0000
__Lcommon                    common       0000
__Lconfig                    config       0000
__LcstackBANK0               cstackBANK0  0000
__LcstackCOMMON              cstackCOMMON 0000
__Leeprom_data               eeprom_data  0000
__Lend_init                  end_init     0000
__Lfunctab                   functab      0000
__Lidloc                     idloc        0000
__Linit                      init         0000
__Lintentry                  intentry     0000
__Lmaintext                  maintext     0000
__Lpowerup                   powerup      0000
__Lram                       ram          0000
__Lreset_vec                 reset_vec    0000
__Lsfr0                      sfr0         0000
__Lsfr1                      sfr1         0000
__Lsfr2                      sfr2         0000
__Lsfr3                      sfr3         0000
__Lspace_0                   (abs)        0000
__Lspace_1                   (abs)        0000
__Lspace_2                   (abs)        0000
__Lspace_3                   (abs)        0000
__Lstack                     stack        0000
__Lstrings                   strings      0000
__Ltext                      text         0000
__S0                         (abs)        0800
__S1                         (abs)        007E
__S2                         (abs)        0000
__S3                         (abs)        0000
___int_sp                    stack        0000
___latbits                   (abs)        0002
___lldiv                     text12       079A
___lldiv@counter             cstackCOMMON 007D
___lldiv@dividend            cstackCOMMON 0074
___lldiv@divisor             cstackCOMMON 0070
___lldiv@quotient            cstackCOMMON 0079
___sp                        stack        0000
__end_of_I2C_Master_Init     text11       06F1
__end_of_I2C_Master_Start    text7        0667
__end_of_I2C_Master_Stop     text6        066F
__end_of_I2C_Master_Write    text5        0678
__end_of_I2C_slave_init      text10       06AC
__end_of_I2C_slave_recieve   text9        06C9
__end_of_I2C_str             text4        0722
__end_of___lldiv             text12       07F8
__end_of__initialization     cinit        07FC
__end_of_main                maintext     075A
__end_of_uart_init           text8        069B
__end_of_uart_receive        text3        0682
__end_of_uart_str_receive    text2        079A
__end_of_uart_transmit       text1        068C
__initialization             cinit        07F8
__pbssBANK0                  bssBANK0     0056
__pcstackBANK0               cstackBANK0  0020
__pcstackCOMMON              cstackCOMMON 0070
__pmaintext                  maintext     0722
__ptext1                     text1        0682
__ptext10                    text10       069B
__ptext11                    text11       06C9
__ptext12                    text12       079A
__ptext2                     text2        075A
__ptext3                     text3        0678
__ptext4                     text4        06F1
__ptext5                     text5        066F
__ptext6                     text6        0667
__ptext7                     text7        065F
__ptext8                     text8        068C
__ptext9                     text9        06AC
__size_of_I2C_Master_Init    (abs)        0000
__size_of_I2C_Master_Start   (abs)        0000
__size_of_I2C_Master_Stop    (abs)        0000
__size_of_I2C_Master_Write   (abs)        0000
__size_of_I2C_slave_init     (abs)        0000
__size_of_I2C_slave_recieve  (abs)        0000
__size_of_I2C_str            (abs)        0000
__size_of___lldiv            (abs)        0000
__size_of_main               (abs)        0000
__size_of_uart_init          (abs)        0000
__size_of_uart_receive       (abs)        0000
__size_of_uart_str_receive   (abs)        0000
__size_of_uart_transmit      (abs)        0000
_addrs_letter                bssBANK0     0056
_data_letter                 bssBANK0     0057
_main                        maintext     0722
_uart_init                   text8        068C
_uart_receive                text3        0678
_uart_str_receive            text2        075A
_uart_transmit               text1        0682
btemp                        (abs)        007E
end_of_initialization        cinit        07FC
intlevel0                    functab      0000
intlevel1                    functab      0000
intlevel2                    functab      0000
intlevel3                    functab      0000
intlevel4                    functab      0000
intlevel5                    functab      0000
main@buff                    cstackBANK0  0055
reset_vec                    reset_vec    0000
stackhi                      (abs)        0000
stacklo                      (abs)        0000
start                        init         0000
start_initialization         cinit        07F8
uart_receive@b               cstackCOMMON 0071
uart_str_receive@c           cstackBANK0  0020
uart_str_receive@i           cstackBANK0  0052
uart_transmit@buff           cstackCOMMON 0070
wtemp0                       (abs)        007E


FUNCTION INFORMATION:

 *************** function _main *****************
 Defined at:
		line 238 in file "newmain.c"
 Parameters:    Size  Location     Type
		None
 Auto vars:     Size  Location     Type
  buff            1   53[BANK0 ] unsigned char 
 Return value:  Size  Location     Type
                  1    wreg      void 
 Registers used:
		wreg, fsr0l, fsr0h, status,2, status,0, btemp+1, pclath, cstack
 Tracked objects:
		On entry : 
		On exit  : 
		Unchanged: 
 Data sizes:     COMMON   BANK0   BANK1   BANK3   BANK2
      Params:         0       0       0       0       0
      Locals:         0       1       0       0       0
      Temps:          0       1       0       0       0
      Totals:         0       2       0       0       0
Total ram usage:        2 bytes
 Hardware stack levels required when called:    3
 This function calls:
		_I2C_Master_Init
		_I2C_slave_init
		_I2C_slave_recieve
		_uart_init
		_uart_str_receive
		_uart_transmit
 This function is called by:
		Startup code after reset
 This function uses a non-reentrant model


 *************** function _uart_transmit *****************
 Defined at:
		line 231 in file "newmain.c"
 Parameters:    Size  Location     Type
  buff            1    wreg     unsigned char 
 Auto vars:     Size  Location     Type
  buff            1    0[COMMON] unsigned char 
 Return value:  Size  Location     Type
                  1    wreg      void 
 Registers used:
		wreg
 Tracked objects:
		On entry : 
		On exit  : 
		Unchanged: 
 Data sizes:     COMMON   BANK0   BANK1   BANK3   BANK2
      Params:         0       0       0       0       0
      Locals:         1       0       0       0       0
      Temps:          0       0       0       0       0
      Totals:         1       0       0       0       0
Total ram usage:        1 bytes
 Hardware stack levels used:    1
 This function calls:
		Nothing
 This function is called by:
		_main
 This function uses a non-reentrant model


 *************** function _uart_str_receive *****************
 Defined at:
		line 217 in file "newmain.c"
 Parameters:    Size  Location     Type
		None
 Auto vars:     Size  Location     Type
  i               2   50[BANK0 ] int 
  c              50    0[BANK0 ] unsigned char [50]
  x               2    0        int 
 Return value:  Size  Location     Type
                  1    wreg      void 
 Registers used:
		wreg, fsr0l, fsr0h, status,2, status,0, btemp+1, pclath, cstack
 Tracked objects:
		On entry : 
		On exit  : 
		Unchanged: 
 Data sizes:     COMMON   BANK0   BANK1   BANK3   BANK2
      Params:         0       0       0       0       0
      Locals:         0      52       0       0       0
      Temps:          1       0       0       0       0
      Totals:         1      52       0       0       0
Total ram usage:       53 bytes
 Hardware stack levels used:    1
 Hardware stack levels required when called:    2
 This function calls:
		_I2C_str
		_uart_receive
 This function is called by:
		_main
 This function uses a non-reentrant model


 *************** function _uart_receive *****************
 Defined at:
		line 210 in file "newmain.c"
 Parameters:    Size  Location     Type
		None
 Auto vars:     Size  Location     Type
  b               1    1[COMMON] unsigned char 
 Return value:  Size  Location     Type
                  1    wreg      unsigned char 
 Registers used:
		wreg
 Tracked objects:
		On entry : 
		On exit  : 
		Unchanged: 
 Data sizes:     COMMON   BANK0   BANK1   BANK3   BANK2
      Params:         0       0       0       0       0
      Locals:         1       0       0       0       0
      Temps:          1       0       0       0       0
      Totals:         2       0       0       0       0
Total ram usage:        2 bytes
 Hardware stack levels used:    1
 This function calls:
		Nothing
 This function is called by:
		_uart_str_receive
 This function uses a non-reentrant model


 *************** function _I2C_str *****************
 Defined at:
		line 138 in file "newmain.c"
 Parameters:    Size  Location     Type
  strings         1    wreg     PTR unsigned char 
		 -> uart_str_receive@c(50), 
 Auto vars:     Size  Location     Type
  strings         1    4[COMMON] PTR unsigned char 
		 -> uart_str_receive@c(50), 
 Return value:  Size  Location     Type
                  1    wreg      void 
 Registers used:
		wreg, fsr0l, fsr0h, status,2, status,0, pclath, cstack
 Tracked objects:
		On entry : 
		On exit  : 
		Unchanged: 
 Data sizes:     COMMON   BANK0   BANK1   BANK3   BANK2
      Params:         0       0       0       0       0
      Locals:         1       0       0       0       0
      Temps:          3       0       0       0       0
      Totals:         4       0       0       0       0
Total ram usage:        4 bytes
 Hardware stack levels used:    1
 Hardware stack levels required when called:    1
 This function calls:
		_I2C_Master_Start
		_I2C_Master_Stop
		_I2C_Master_Write
 This function is called by:
		_uart_str_receive
 This function uses a non-reentrant model


 *************** function _I2C_Master_Write *****************
 Defined at:
		line 132 in file "newmain.c"
 Parameters:    Size  Location     Type
  letter_byte     1    wreg     unsigned char 
 Auto vars:     Size  Location     Type
  letter_byte     1    0[COMMON] unsigned char 
 Return value:  Size  Location     Type
                  1    wreg      void 
 Registers used:
		wreg
 Tracked objects:
		On entry : 
		On exit  : 
		Unchanged: 
 Data sizes:     COMMON   BANK0   BANK1   BANK3   BANK2
      Params:         0       0       0       0       0
      Locals:         1       0       0       0       0
      Temps:          0       0       0       0       0
      Totals:         1       0       0       0       0
Total ram usage:        1 bytes
 Hardware stack levels used:    1
 This function calls:
		Nothing
 This function is called by:
		_I2C_str
 This function uses a non-reentrant model


 *************** function _I2C_Master_Stop *****************
 Defined at:
		line 125 in file "newmain.c"
 Parameters:    Size  Location     Type
		None
 Auto vars:     Size  Location     Type
		None
 Return value:  Size  Location     Type
                  1    wreg      void 
 Registers used:
		None
 Tracked objects:
		On entry : 
		On exit  : 
		Unchanged: 
 Data sizes:     COMMON   BANK0   BANK1   BANK3   BANK2
      Params:         0       0       0       0       0
      Locals:         0       0       0       0       0
      Temps:          0       0       0       0       0
      Totals:         0       0       0       0       0
Total ram usage:        0 bytes
 Hardware stack levels used:    1
 This function calls:
		Nothing
 This function is called by:
		_I2C_str
 This function uses a non-reentrant model


 *************** function _I2C_Master_Start *****************
 Defined at:
		line 118 in file "newmain.c"
 Parameters:    Size  Location     Type
		None
 Auto vars:     Size  Location     Type
		None
 Return value:  Size  Location     Type
                  1    wreg      void 
 Registers used:
		None
 Tracked objects:
		On entry : 
		On exit  : 
		Unchanged: 
 Data sizes:     COMMON   BANK0   BANK1   BANK3   BANK2
      Params:         0       0       0       0       0
      Locals:         0       0       0       0       0
      Temps:          0       0       0       0       0
      Totals:         0       0       0       0       0
Total ram usage:        0 bytes
 Hardware stack levels used:    1
 This function calls:
		Nothing
 This function is called by:
		_I2C_str
 This function uses a non-reentrant model


 *************** function _uart_init *****************
 Defined at:
		line 201 in file "newmain.c"
 Parameters:    Size  Location     Type
		None
 Auto vars:     Size  Location     Type
		None
 Return value:  Size  Location     Type
                  1    wreg      void 
 Registers used:
		wreg
 Tracked objects:
		On entry : 
		On exit  : 
		Unchanged: 
 Data sizes:     COMMON   BANK0   BANK1   BANK3   BANK2
      Params:         0       0       0       0       0
      Locals:         0       0       0       0       0
      Temps:          0       0       0       0       0
      Totals:         0       0       0       0       0
Total ram usage:        0 bytes
 Hardware stack levels used:    1
 This function calls:
		Nothing
 This function is called by:
		_main
 This function uses a non-reentrant model


 *************** function _I2C_slave_recieve *****************
 Defined at:
		line 179 in file "newmain.c"
 Parameters:    Size  Location     Type
		None
 Auto vars:     Size  Location     Type
		None
 Return value:  Size  Location     Type
                  1    wreg      unsigned char 
 Registers used:
		wreg
 Tracked objects:
		On entry : 
		On exit  : 
		Unchanged: 
 Data sizes:     COMMON   BANK0   BANK1   BANK3   BANK2
      Params:         0       0       0       0       0
      Locals:         0       0       0       0       0
      Temps:          1       0       0       0       0
      Totals:         1       0       0       0       0
Total ram usage:        1 bytes
 Hardware stack levels used:    1
 This function calls:
		Nothing
 This function is called by:
		_main
 This function uses a non-reentrant model


 *************** function _I2C_slave_init *****************
 Defined at:
		line 158 in file "newmain.c"
 Parameters:    Size  Location     Type
		None
 Auto vars:     Size  Location     Type
		None
 Return value:  Size  Location     Type
                  1    wreg      void 
 Registers used:
		wreg
 Tracked objects:
		On entry : 
		On exit  : 
		Unchanged: 
 Data sizes:     COMMON   BANK0   BANK1   BANK3   BANK2
      Params:         0       0       0       0       0
      Locals:         0       0       0       0       0
      Temps:          0       0       0       0       0
      Totals:         0       0       0       0       0
Total ram usage:        0 bytes
 Hardware stack levels used:    1
 This function calls:
		Nothing
 This function is called by:
		_main
 This function uses a non-reentrant model


 *************** function _I2C_Master_Init *****************
 Defined at:
		line 88 in file "newmain.c"
 Parameters:    Size  Location     Type
  c               4    0[BANK0 ] const unsigned long 
 Auto vars:     Size  Location     Type
		None
 Return value:  Size  Location     Type
                  1    wreg      void 
 Registers used:
		wreg, status,2, status,0, pclath, cstack
 Tracked objects:
		On entry : 
		On exit  : 
		Unchanged: 
 Data sizes:     COMMON   BANK0   BANK1   BANK3   BANK2
      Params:         0       4       0       0       0
      Locals:         0       0       0       0       0
      Temps:          0       0       0       0       0
      Totals:         0       4       0       0       0
Total ram usage:        4 bytes
 Hardware stack levels used:    1
 Hardware stack levels required when called:    1
 This function calls:
		___lldiv
 This function is called by:
		_main
 This function uses a non-reentrant model


 *************** function ___lldiv *****************
 Defined at:
		line 6 in file "C:\Program Files (x86)\Microchip\xc8\v1.45\sources\common\lldiv.c"
 Parameters:    Size  Location     Type
  divisor         4    0[COMMON] unsigned long 
  dividend        4    4[COMMON] unsigned long 
 Auto vars:     Size  Location     Type
  quotient        4    9[COMMON] unsigned long 
  counter         1   13[COMMON] unsigned char 
 Return value:  Size  Location     Type
                  4    0[COMMON] unsigned long 
 Registers used:
		wreg, status,2, status,0
 Tracked objects:
		On entry : 
		On exit  : 
		Unchanged: 
 Data sizes:     COMMON   BANK0   BANK1   BANK3   BANK2
      Params:         8       0       0       0       0
      Locals:         5       0       0       0       0
      Temps:          1       0       0       0       0
      Totals:        14       0       0       0       0
Total ram usage:       14 bytes
 Hardware stack levels used:    1
 This function calls:
		Nothing
 This function is called by:
		_I2C_Master_Init
 This function uses a non-reentrant model



MODULE INFORMATION

Module		Function		Class		Link	Load	Size
newmain.c
		_I2C_str       		CODE           	06F1	0000	50
		_uart_transmit 		CODE           	0682	0000	11
		_uart_str_receive		CODE           	075A	0000	65
		_I2C_Master_Init		CODE           	06C9	0000	41
		_I2C_Master_Stop		CODE           	0667	0000	9
		_main          		CODE           	0722	0000	57
		_uart_receive  		CODE           	0678	0000	11
		_uart_init     		CODE           	068C	0000	16
		_I2C_Master_Write		CODE           	066F	0000	10
		_I2C_Master_Start		CODE           	065F	0000	9
		_I2C_slave_recieve		CODE           	06AC	0000	30
		_I2C_slave_init		CODE           	069B	0000	18

newmain.c estimated size: 327

shared
		__initialization		CODE           	07F8	0000	5

shared estimated size: 5

C:\Program Files (x86)\Microchip\xc8\v1.45\sources\common\lldiv.c
		___lldiv       		CODE           	079A	0000	95

C:\Program Files (x86)\Microchip\xc8\v1.45\sources\common\lldiv.c estimated size: 95

