


ARM Macro Assembler    Page 1 


    1 00000000                 AREA             |.text|, CODE, READONLY, ALIGN=
2 
                                                            ;DEFINING CODE AREA
                                                             WHICH IS READONLY
    2 00000000                 THUMB                        ;THUMB DIRECTIVE
    3 00000000                 EXTERN           currentptr  ;DECLARING CURRENTP
                                                            TR AS EXTERN
    4 00000000                 EXPORT           SysTick_Handler
    5 00000000                 EXPORT           SchedulerLaunch
    6 00000000         
    7 00000000         
    8 00000000         
    9 00000000         
   10 00000000         ;SYSTICK IS A PERIODIC INTERRUPT WITH PERIOD DETERMINED 
                       BY THE QUANTA
   11 00000000         ;NEED TO SAVE 16 REGISTERS TO STACK BEFORE HANDLING SYST
                       ICK EXCEPTION
   12 00000000         SysTick_Handler                      ;INVOKING SYSTICK H
                                                            ANDLER, SAVING R0,R
                                                            1,R2,R3,R12,LR,PC,P
                                                            SR [CONTEXT OF THRE
                                                            AD IS IN THESE REG]
                                                            
   13 00000000 B672            CPSID            I           ;DISBALING INTERRUP
                                                            T
   14 00000002 E92D 0FF0       PUSH             {R4-R11}    ;SAVING R4,R5,R6,R7
                                                            ,R8,R9,R10,R11
   15 00000006 480D            LDR              R0,=currentptr ;LOAD CURRENT PO
                                                            INTER IN .C FILE PO
                                                            INTING TO CURRENT T
                                                            CB INTO R0
   16 00000008 6801            LDR              R1,[R0]     ;FROM R0 POINTING T
                                                            O R1, R1=CURRENT_PT
                                                            R
   17 0000000A         ;THUS WE HAVE SAVED ALL 16 EGISTERS, BUT NOT STACK POINT
                       ER REG
   18 0000000A F8C1 D000       STR              SP,[R1]     ;SAVING SP OF M-COR
                                                            TEX TO SP OF THREAD
                                                            
   19 0000000E         ;R1 = STACK POINTER WHICH ALSO HAS VALUE OF CURRENT PTR 
                        
   20 0000000E         
   21 0000000E 6849            LDR              R1,[R1,#4]  ;NEXT THREAD IS NEE
                                                            DED FOR SCHEDULAR T
                                                            HUS 
   22 00000010         ;#4 IS FOR 2ND ENTRY OF TCB, R1 = CURRENTPTR->NEXT
   23 00000010 6001            STR              R1,[R0]     ;CURRENTPTR = R1 
   24 00000012 F8D1 D000       LDR              SP,[R1]     ;TO LAUNCH NEW THRE
                                                            AD SP NEDES TO BE U
                                                            PDATED, SP =CURRENT
                                                            PTR->STACKPTR
   25 00000016 E8BD 0FF0       POP              {R4-R11}    ;RESTORE ALL R4-R11
                                                            
   26 0000001A B662            CPSIE            I           ;ENABLED THE INTERR
                                                            UPT
   27 0000001C         
   28 0000001C 4770            BX               LR          ;SAVED 8 REGISTERS 
                                                            ARE RESTORED AUTOMA
                                                            TICALLY WHEN EXITIN



ARM Macro Assembler    Page 2 


                                                            G
   29 0000001E         
   30 0000001E         
   31 0000001E         SchedulerLaunch
   32 0000001E 4807            LDR              R0,=currentptr
   33 00000020 6802            LDR              R2,[R0]     ;R2=currentptr
   34 00000022 F8D2 D000       LDR              SP,[R2]     ;SP=currentptr->sta
                                                            ckptr
   35 00000026 E8BD 0FF0       POP              {R4-R11}    ;RESTORING REGISTER
                                                            S
   36 0000002A BC0F            POP              {R0-R3}
   37 0000002C F85D CB04       POP              {R12}
   38 00000030         
   39 00000030 B001            ADD              SP,SP,#4
   40 00000032 F85D EB04       POP              {LR}
   41 00000036 B001            ADD              SP,SP,#4
   42 00000038 B662            CPSIE            I
   43 0000003A 4770            BX               LR
   44 0000003C         
   45 0000003C                 ALIGN
   46 0000003C                 END
              00000000 
Command Line: --debug --xref --diag_suppress=9931 --cpu=Cortex-M4.fp --apcs=int
erwork --depend=.\objects\kernel_1.d -o.\objects\kernel_1.o -I.\RTE\Device\STM3
2F411VETx -I.\RTE\_STM32F4 -IC:\Keil_v5\ARM\PACK\ARM\CMSIS\5.6.0\CMSIS\Core\Inc
lude -IC:\Keil_v5\ARM\PACK\Keil\STM32F4xx_DFP\2.13.0\Drivers\CMSIS\Device\ST\ST
M32F4xx\Include -IC:\Keil_v5\ARM\PACK\Keil\STM32F4xx_DFP\2.13.0\Drivers\STM32F4
xx_HAL_Driver\Inc --predefine="__EVAL SETA 1" --predefine="__UVISION_VERSION SE
TA 526" --predefine="_RTE_ SETA 1" --predefine="STM32F411xE SETA 1" --list=.\li
stings\kernel.lst kernel.s



ARM Macro Assembler    Page 1 Alphabetic symbol ordering
Relocatable symbols

.text 00000000

Symbol: .text
   Definitions
      At line 1 in file kernel.s
   Uses
      None
Comment: .text unused
SchedulerLaunch 0000001E

Symbol: SchedulerLaunch
   Definitions
      At line 31 in file kernel.s
   Uses
      At line 5 in file kernel.s
Comment: SchedulerLaunch used once
SysTick_Handler 00000000

Symbol: SysTick_Handler
   Definitions
      At line 12 in file kernel.s
   Uses
      At line 4 in file kernel.s
Comment: SysTick_Handler used once
3 symbols



ARM Macro Assembler    Page 1 Alphabetic symbol ordering
External symbols

currentptr 00000000

Symbol: currentptr
   Definitions
      At line 3 in file kernel.s
   Uses
      At line 15 in file kernel.s
      At line 32 in file kernel.s

1 symbol
341 symbols in table
