Drawable.hpp:207:18:virtual void touchgfx::Drawable::setPosition(int16_t, int16_t, int16_t, int16_t)	16	static
Drawable.hpp:261:18:virtual void touchgfx::Drawable::setX(int16_t)	0	static
Drawable.hpp:273:18:virtual void touchgfx::Drawable::setY(int16_t)	0	static
Drawable.hpp:289:18:virtual void touchgfx::Drawable::setXY(int16_t, int16_t)	16	static
Drawable.hpp:302:18:virtual void touchgfx::Drawable::setWidth(int16_t)	0	static
Drawable.hpp:314:18:virtual void touchgfx::Drawable::setHeight(int16_t)	0	static
Drawable.hpp:324:18:virtual void touchgfx::Drawable::childGeometryChanged()	0	static
Drawable.hpp:334:18:virtual void touchgfx::Drawable::handleClickEvent(const touchgfx::ClickEvent&)	0	static
Drawable.hpp:344:18:virtual void touchgfx::Drawable::handleGestureEvent(const touchgfx::GestureEvent&)	0	static
Drawable.hpp:354:18:virtual void touchgfx::Drawable::handleDragEvent(const touchgfx::DragEvent&)	0	static
Drawable.hpp:364:18:virtual void touchgfx::Drawable::handleTickEvent()	0	static
Drawable.hpp:451:18:virtual void touchgfx::Drawable::moveTo(int16_t, int16_t)	4	static
Drawable.hpp:566:18:virtual void touchgfx::Drawable::setupDrawChain(const touchgfx::Rect&, touchgfx::Drawable**)	0	static
Screen.hpp:97:18:virtual void touchgfx::Screen::setupScreen()	0	static
Screen.hpp:108:18:virtual void touchgfx::Screen::afterTransition()	0	static
Screen.hpp:119:18:virtual void touchgfx::Screen::tearDownScreen()	0	static
Screen.hpp:148:18:virtual void touchgfx::Screen::handleTickEvent()	0	static
Screen.hpp:158:18:virtual void touchgfx::Screen::handleKeyEvent(uint8_t)	0	static
Widget.hpp:50:18:virtual void touchgfx::Widget::getLastChild(int16_t, int16_t, touchgfx::Drawable**)	0	static
AbstractButton.hpp:75:18:virtual bool touchgfx::AbstractButton::getPressedState() const	0	static
View.hpp:40:7:touchgfx::View<Screen1Presenter>::~View()	0	static
Screen1ViewBase.hpp:19:13:Screen1ViewBase::~Screen1ViewBase()	0	static
Screen1ViewBase.hpp:25:18:virtual void Screen1ViewBase::LED_ON()	0	static
Screen1ViewBase.cpp:31:6:virtual void Screen1ViewBase::setupScreen()	0	static
Callback.hpp:362:8:touchgfx::Callback<Screen1ViewBase, const touchgfx::AbstractButton&>::~Callback()	0	static
ClickListener.hpp:35:7:touchgfx::ClickListener<touchgfx::ButtonWithLabel>::~ClickListener()	0	static
Callback.hpp:392:18:void touchgfx::Callback<dest_type, T1, void, void>::execute(T1) [with dest_type = Screen1ViewBase; T1 = const touchgfx::AbstractButton&]	8	static
Callback.hpp:402:18:bool touchgfx::Callback<dest_type, T1, void, void>::isValid() const [with dest_type = Screen1ViewBase; T1 = const touchgfx::AbstractButton&]	0	static
View.hpp:40:7:virtual touchgfx::View<Screen1Presenter>::~View()	8	static
ClickListener.hpp:35:7:virtual touchgfx::ClickListener<touchgfx::ButtonWithLabel>::~ClickListener()	8	static
Callback.hpp:362:8:virtual touchgfx::Callback<Screen1ViewBase, const touchgfx::AbstractButton&>::~Callback()	8	static
Screen1ViewBase.hpp:19:13:virtual Screen1ViewBase::~Screen1ViewBase()	8	static
ButtonWithLabel.hpp:201:18:virtual touchgfx::Rect touchgfx::ButtonWithLabel::getSolidRect() const	8	static
ClickListener.hpp:51:18:void touchgfx::ClickListener<T>::handleClickEvent(const touchgfx::ClickEvent&) [with T = touchgfx::ButtonWithLabel]	16	static
Screen1ViewBase.cpp:36:6:void Screen1ViewBase::buttonCallbackHandler(const touchgfx::AbstractButton&)	8	static
ButtonWithLabel.hpp:187:10:void touchgfx::ButtonWithLabel::updateTextPosition()	24	static
Color.hpp:51:22:static touchgfx::colortype touchgfx::Color::getColorFrom24BitRGB(uint8_t, uint8_t, uint8_t)	16	static
Screen1ViewBase.cpp:9:1:Screen1ViewBase::Screen1ViewBase()	48	static
