main.c:810:13:SPI5_Write	16	static
main.c:922:13:TouchGFX_Task	8	static
main.c:224:6:SystemClock_Config	152	static
main.c:143:5:main	112	static
main.c:654:6:IOE_Init	0	static
main.c:663:6:IOE_ITConfig	0	static
main.c:675:6:IOE_Write	32	static
main.c:686:9:IOE_Read	32	static
main.c:699:10:IOE_ReadMultiple	24	static
main.c:708:6:IOE_Delay	0	static
main.c:836:6:LCD_IO_Init	8	static
main.c:846:6:LCD_IO_WriteData	16	static
main.c:862:6:LCD_IO_WriteReg	16	static
main.c:881:10:LCD_IO_ReadData	32	static
main.c:908:6:LCD_Delay	0	static
main.c:941:6:HAL_TIM_PeriodElapsedCallback	0	static
main.c:958:6:Error_Handler	0	static
